Archive member included to satisfy reference by file (symbol)

C:/ST/STM32CubeIDE_2.2.0/STM32CubeIDE/plugins/com.st.stm32cube.ide.mcu.externaltools.gnu-tools-for-stm32.14.3.rel1.win32_1.0.100.202602081740/tools/bin/../lib/gcc/arm-none-eabi/14.3.1/../../../../arm-none-eabi/lib/thumb/v6-m/nofp\libc_nano.a(libc_a-exit.o)
                              C:/ST/STM32CubeIDE_2.2.0/STM32CubeIDE/plugins/com.st.stm32cube.ide.mcu.externaltools.gnu-tools-for-stm32.14.3.rel1.win32_1.0.100.202602081740/tools/bin/../lib/gcc/arm-none-eabi/14.3.1/../../../../arm-none-eabi/lib/thumb/v6-m/nofp/crt0.o (exit)
C:/ST/STM32CubeIDE_2.2.0/STM32CubeIDE/plugins/com.st.stm32cube.ide.mcu.externaltools.gnu-tools-for-stm32.14.3.rel1.win32_1.0.100.202602081740/tools/bin/../lib/gcc/arm-none-eabi/14.3.1/../../../../arm-none-eabi/lib/thumb/v6-m/nofp\libc_nano.a(libc_a-findfp.o)
                              C:/ST/STM32CubeIDE_2.2.0/STM32CubeIDE/plugins/com.st.stm32cube.ide.mcu.externaltools.gnu-tools-for-stm32.14.3.rel1.win32_1.0.100.202602081740/tools/bin/../lib/gcc/arm-none-eabi/14.3.1/../../../../arm-none-eabi/lib/thumb/v6-m/nofp\libc_nano.a(libc_a-exit.o) (__stdio_exit_handler)
C:/ST/STM32CubeIDE_2.2.0/STM32CubeIDE/plugins/com.st.stm32cube.ide.mcu.externaltools.gnu-tools-for-stm32.14.3.rel1.win32_1.0.100.202602081740/tools/bin/../lib/gcc/arm-none-eabi/14.3.1/../../../../arm-none-eabi/lib/thumb/v6-m/nofp\libc_nano.a(libc_a-fwalk.o)
                              C:/ST/STM32CubeIDE_2.2.0/STM32CubeIDE/plugins/com.st.stm32cube.ide.mcu.externaltools.gnu-tools-for-stm32.14.3.rel1.win32_1.0.100.202602081740/tools/bin/../lib/gcc/arm-none-eabi/14.3.1/../../../../arm-none-eabi/lib/thumb/v6-m/nofp\libc_nano.a(libc_a-findfp.o) (_fwalk_sglue)
C:/ST/STM32CubeIDE_2.2.0/STM32CubeIDE/plugins/com.st.stm32cube.ide.mcu.externaltools.gnu-tools-for-stm32.14.3.rel1.win32_1.0.100.202602081740/tools/bin/../lib/gcc/arm-none-eabi/14.3.1/../../../../arm-none-eabi/lib/thumb/v6-m/nofp\libc_nano.a(libc_a-stdio.o)
                              C:/ST/STM32CubeIDE_2.2.0/STM32CubeIDE/plugins/com.st.stm32cube.ide.mcu.externaltools.gnu-tools-for-stm32.14.3.rel1.win32_1.0.100.202602081740/tools/bin/../lib/gcc/arm-none-eabi/14.3.1/../../../../arm-none-eabi/lib/thumb/v6-m/nofp\libc_nano.a(libc_a-findfp.o) (__sread)
C:/ST/STM32CubeIDE_2.2.0/STM32CubeIDE/plugins/com.st.stm32cube.ide.mcu.externaltools.gnu-tools-for-stm32.14.3.rel1.win32_1.0.100.202602081740/tools/bin/../lib/gcc/arm-none-eabi/14.3.1/../../../../arm-none-eabi/lib/thumb/v6-m/nofp\libc_nano.a(libc_a-memset.o)
                              C:/ST/STM32CubeIDE_2.2.0/STM32CubeIDE/plugins/com.st.stm32cube.ide.mcu.externaltools.gnu-tools-for-stm32.14.3.rel1.win32_1.0.100.202602081740/tools/bin/../lib/gcc/arm-none-eabi/14.3.1/../../../../arm-none-eabi/lib/thumb/v6-m/nofp/crt0.o (memset)
C:/ST/STM32CubeIDE_2.2.0/STM32CubeIDE/plugins/com.st.stm32cube.ide.mcu.externaltools.gnu-tools-for-stm32.14.3.rel1.win32_1.0.100.202602081740/tools/bin/../lib/gcc/arm-none-eabi/14.3.1/../../../../arm-none-eabi/lib/thumb/v6-m/nofp\libc_nano.a(libc_a-closer.o)
                              C:/ST/STM32CubeIDE_2.2.0/STM32CubeIDE/plugins/com.st.stm32cube.ide.mcu.externaltools.gnu-tools-for-stm32.14.3.rel1.win32_1.0.100.202602081740/tools/bin/../lib/gcc/arm-none-eabi/14.3.1/../../../../arm-none-eabi/lib/thumb/v6-m/nofp\libc_nano.a(libc_a-stdio.o) (_close_r)
C:/ST/STM32CubeIDE_2.2.0/STM32CubeIDE/plugins/com.st.stm32cube.ide.mcu.externaltools.gnu-tools-for-stm32.14.3.rel1.win32_1.0.100.202602081740/tools/bin/../lib/gcc/arm-none-eabi/14.3.1/../../../../arm-none-eabi/lib/thumb/v6-m/nofp\libc_nano.a(libc_a-reent.o)
                              C:/ST/STM32CubeIDE_2.2.0/STM32CubeIDE/plugins/com.st.stm32cube.ide.mcu.externaltools.gnu-tools-for-stm32.14.3.rel1.win32_1.0.100.202602081740/tools/bin/../lib/gcc/arm-none-eabi/14.3.1/../../../../arm-none-eabi/lib/thumb/v6-m/nofp\libc_nano.a(libc_a-closer.o) (errno)
C:/ST/STM32CubeIDE_2.2.0/STM32CubeIDE/plugins/com.st.stm32cube.ide.mcu.externaltools.gnu-tools-for-stm32.14.3.rel1.win32_1.0.100.202602081740/tools/bin/../lib/gcc/arm-none-eabi/14.3.1/../../../../arm-none-eabi/lib/thumb/v6-m/nofp\libc_nano.a(libc_a-impure.o)
                              C:/ST/STM32CubeIDE_2.2.0/STM32CubeIDE/plugins/com.st.stm32cube.ide.mcu.externaltools.gnu-tools-for-stm32.14.3.rel1.win32_1.0.100.202602081740/tools/bin/../lib/gcc/arm-none-eabi/14.3.1/../../../../arm-none-eabi/lib/thumb/v6-m/nofp\libc_nano.a(libc_a-reent.o) (_impure_ptr)
C:/ST/STM32CubeIDE_2.2.0/STM32CubeIDE/plugins/com.st.stm32cube.ide.mcu.externaltools.gnu-tools-for-stm32.14.3.rel1.win32_1.0.100.202602081740/tools/bin/../lib/gcc/arm-none-eabi/14.3.1/../../../../arm-none-eabi/lib/thumb/v6-m/nofp\libc_nano.a(libc_a-lseekr.o)
[...]
Memory Configuration

Name             Origin             Length             Attributes
RAM              0x20000000         0x00003000         xrw
FLASH            0x08000000         0x00008000         xr
*default*        0x00000000         0xffffffff

Linker script and memory map

LOAD C:/ST/STM32CubeIDE_2.2.0/STM32CubeIDE/plugins/com.st.stm32cube.ide.mcu.externaltools.gnu-tools-for-stm32.14.3.rel1.win32_1.0.100.202602081740/tools/bin/../lib/gcc/arm-none-eabi/14.3.1/thumb/v6-m/nofp/crti.o
LOAD C:/ST/STM32CubeIDE_2.2.0/STM32CubeIDE/plugins/com.st.stm32cube.ide.mcu.externaltools.gnu-tools-for-stm32.14.3.rel1.win32_1.0.100.202602081740/tools/bin/../lib/gcc/arm-none-eabi/14.3.1/thumb/v6-m/nofp/crtbegin.o
LOAD C:/ST/STM32CubeIDE_2.2.0/STM32CubeIDE/plugins/com.st.stm32cube.ide.mcu.externaltools.gnu-tools-for-stm32.14.3.rel1.win32_1.0.100.202602081740/tools/bin/../lib/gcc/arm-none-eabi/14.3.1/../../../../arm-none-eabi/lib/thumb/v6-m/nofp/crt0.o
LOAD ./Src/adc.o
LOAD ./Src/clock.o
LOAD ./Src/gpio.o
LOAD ./Src/main.o
LOAD ./Src/one_wire.o
LOAD ./Src/syscalls.o
LOAD ./Src/sysmem.o
LOAD ./Src/system_stm32c0xx.o
LOAD ./Src/timers.o
LOAD ./Src/uart.o
LOAD ./Startup/startup_stm32c031c6tx.o
START GROUP
LOAD C:/ST/STM32CubeIDE_2.2.0/STM32CubeIDE/plugins/com.st.stm32cube.ide.mcu.externaltools.gnu-tools-for-stm32.14.3.rel1.win32_1.0.100.202602081740/tools/bin/../lib/gcc/arm-none-eabi/14.3.1/../../../../arm-none-eabi/lib/thumb/v6-m/nofp\libc_nano.a
LOAD C:/ST/STM32CubeIDE_2.2.0/STM32CubeIDE/plugins/com.st.stm32cube.ide.mcu.externaltools.gnu-tools-for-stm32.14.3.rel1.win32_1.0.100.202602081740/tools/bin/../lib/gcc/arm-none-eabi/14.3.1/../../../../arm-none-eabi/lib/thumb/v6-m/nofp\libm.a
END GROUP
START GROUP
LOAD C:/ST/STM32CubeIDE_2.2.0/STM32CubeIDE/plugins/com.st.stm32cube.ide.mcu.externaltools.gnu-tools-for-stm32.14.3.rel1.win32_1.0.100.202602081740/tools/bin/../lib/gcc/arm-none-eabi/14.3.1/thumb/v6-m/nofp\libgcc.a
LOAD C:/ST/STM32CubeIDE_2.2.0/STM32CubeIDE/plugins/com.st.stm32cube.ide.mcu.externaltools.gnu-tools-for-stm32.14.3.rel1.win32_1.0.100.202602081740/tools/bin/../lib/gcc/arm-none-eabi/14.3.1/../../../../arm-none-eabi/lib/thumb/v6-m/nofp\libc_nano.a
END GROUP
START GROUP
LOAD C:/ST/STM32CubeIDE_2.2.0/STM32CubeIDE/plugins/com.st.stm32cube.ide.mcu.externaltools.gnu-tools-for-stm32.14.3.rel1.win32_1.0.100.202602081740/tools/bin/../lib/gcc/arm-none-eabi/14.3.1/thumb/v6-m/nofp\libgcc.a
LOAD C:/ST/STM32CubeIDE_2.2.0/STM32CubeIDE/plugins/com.st.stm32cube.ide.mcu.externaltools.gnu-tools-for-stm32.14.3.rel1.win32_1.0.100.202602081740/tools/bin/../lib/gcc/arm-none-eabi/14.3.1/../../../../arm-none-eabi/lib/thumb/v6-m/nofp\libc_nano.a
LOAD C:/ST/STM32CubeIDE_2.2.0/STM32CubeIDE/plugins/com.st.stm32cube.ide.mcu.externaltools.gnu-tools-for-stm32.14.3.rel1.win32_1.0.100.202602081740/tools/bin/../lib/gcc/arm-none-eabi/14.3.1/../../../../arm-none-eabi/lib/thumb/v6-m/nofp\libnosys.a
END GROUP
START GROUP
LOAD C:/ST/STM32CubeIDE_2.2.0/STM32CubeIDE/plugins/com.st.stm32cube.ide.mcu.externaltools.gnu-tools-for-stm32.14.3.rel1.win32_1.0.100.202602081740/tools/bin/../lib/gcc/arm-none-eabi/14.3.1/thumb/v6-m/nofp\libgcc.a
LOAD C:/ST/STM32CubeIDE_2.2.0/STM32CubeIDE/plugins/com.st.stm32cube.ide.mcu.externaltools.gnu-tools-for-stm32.14.3.rel1.win32_1.0.100.202602081740/tools/bin/../lib/gcc/arm-none-eabi/14.3.1/../../../../arm-none-eabi/lib/thumb/v6-m/nofp\libc_nano.a
LOAD C:/ST/STM32CubeIDE_2.2.0/STM32CubeIDE/plugins/com.st.stm32cube.ide.mcu.externaltools.gnu-tools-for-stm32.14.3.rel1.win32_1.0.100.202602081740/tools/bin/../lib/gcc/arm-none-eabi/14.3.1/../../../../arm-none-eabi/lib/thumb/v6-m/nofp\libnosys.a
END GROUP
LOAD C:/ST/STM32CubeIDE_2.2.0/STM32CubeIDE/plugins/com.st.stm32cube.ide.mcu.externaltools.gnu-tools-for-stm32.14.3.rel1.win32_1.0.100.202602081740/tools/bin/../lib/gcc/arm-none-eabi/14.3.1/thumb/v6-m/nofp/crtend.o
LOAD C:/ST/STM32CubeIDE_2.2.0/STM32CubeIDE/plugins/com.st.stm32cube.ide.mcu.externaltools.gnu-tools-for-stm32.14.3.rel1.win32_1.0.100.202602081740/tools/bin/../lib/gcc/arm-none-eabi/14.3.1/thumb/v6-m/nofp/crtn.o
                0x20003000                        _estack = (ORIGIN (RAM) + LENGTH (RAM))
                0x00000200                        _Min_Heap_Size = 0x200
                0x00000400                        _Min_Stack_Size = 0x400

.isr_vector     0x08000000       0xc0
                0x08000000                        . = ALIGN (0x4)
 *(.isr_vector)
 .isr_vector    0x08000000       0xc0 ./Startup/startup_stm32c031c6tx.o
                0x08000000                g_pfnVectors
                0x080000c0                        . = ALIGN (0x4)

.text           0x080000c0      0xc48
                0x080000c0                        . = ALIGN (0x4)
 *(.text)
 .text          0x080000c0       0x48 C:/ST/STM32CubeIDE_2.2.0/STM32CubeIDE/plugins/com.st.stm32cube.ide.mcu.externaltools.gnu-tools-for-stm32.14.3.rel1.win32_1.0.100.202602081740/tools/bin/../lib/gcc/arm-none-eabi/14.3.1/thumb/v6-m/nofp/crtbegin.o
 .text          0x08000108      0x114 C:/ST/STM32CubeIDE_2.2.0/STM32CubeIDE/plugins/com.st.stm32cube.ide.mcu.externaltools.gnu-tools-for-stm32.14.3.rel1.win32_1.0.100.202602081740/tools/bin/../lib/gcc/arm-none-eabi/14.3.1/thumb/v6-m/nofp\libgcc.a(_udivsi3.o)
                0x08000108                __aeabi_uidiv
                0x08000108                __udivsi3
                0x08000214                __aeabi_uidivmod
 .text          0x0800021c        0x4 C:/ST/STM32CubeIDE_2.2.0/STM32CubeIDE/plugins/com.st.stm32cube.ide.mcu.externaltools.gnu-tools-for-stm32.14.3.rel1.win32_1.0.100.202602081740/tools/bin/../lib/gcc/arm-none-eabi/14.3.1/thumb/v6-m/nofp\libgcc.a(_dvmd_tls.o)
                0x0800021c                __aeabi_idiv0
                0x0800021c                __aeabi_ldiv0
 *(.text*)
 .text.adc_init
                0x08000220       0xc8 ./Src/adc.o
                0x08000220                adc_init
 .text.sys_clk_to_3MHz
                0x080002e8       0x48 ./Src/clock.o
                0x080002e8                sys_clk_to_3MHz
 .text.peripheral_clk_init
                0x08000330       0x38 ./Src/clock.o
                0x08000330                peripheral_clk_init
 .text.rtc_init
                0x08000368       0xb4 ./Src/clock.o
                0x08000368                rtc_init
 .text.gpio_init
                0x0800041c      0x118 ./Src/gpio.o
                0x0800041c                gpio_init
 .text.main     0x08000534       0x64 ./Src/main.o
                0x08000534                main
 .text.one_wire_reset
                0x08000598       0x52 ./Src/one_wire.o
                0x08000598                one_wire_reset
 .text.one_wire_presence
                0x080005ea       0x3c ./Src/one_wire.o
                0x080005ea                one_wire_presence
 .text.write_bit_1w
                0x08000626       0x5a ./Src/one_wire.o
                0x08000626                write_bit_1w
 .text.write_byte_1w
                0x08000680       0x58 ./Src/one_wire.o
                0x08000680                write_byte_1w
 .text.read_bit_1w
                0x080006d8       0x4c ./Src/one_wire.o
                0x080006d8                read_bit_1w
 .text.read_byte_1w
                0x08000724       0x52 ./Src/one_wire.o
                0x08000724                read_byte_1w
 *fill*         0x08000776        0x2 
 .text.read_temp_1w
                0x08000778       0xd8 ./Src/one_wire.o
                0x08000778                read_temp_1w
 .text.SystemInit
                0x08000850       0x18 ./Src/system_stm32c0xx.o
                0x08000850                SystemInit
 .text.timer_init
                0x08000868       0x40 ./Src/timers.o
                0x08000868                timer_init
 .text.delay_us
                0x080008a8       0x2c ./Src/timers.o
                0x080008a8                delay_us
 .text.delay_ms
                0x080008d4       0x48 ./Src/timers.o
                0x080008d4                delay_ms
 .text.uart_init
                0x0800091c       0x88 ./Src/uart.o
                0x0800091c                uart_init
 .text.uart2_init
                0x080009a4       0x98 ./Src/uart.o
                0x080009a4                uart2_init
 .text.usart_send_byte
                0x08000a3c       0x2a ./Src/uart.o
 .text.usart_send_string
                0x08000a66       0x32 ./Src/uart.o
 .text.usart_send_temp
                0x08000a98      0x12c ./Src/uart.o
 .text.uart_send_string
                0x08000bc4       0x20 ./Src/uart.o
                0x08000bc4                uart_send_string
 .text.uart_send_temp
                0x08000be4       0x28 ./Src/uart.o
                0x08000be4                uart_send_temp
 .text.uart2_send_string
                0x08000c0c       0x20 ./Src/uart.o
                0x08000c0c                uart2_send_string
 .text.uart2_send_temp
                0x08000c2c       0x28 ./Src/uart.o
                0x08000c2c                uart2_send_temp
 .text.Reset_Handler
                0x08000c54       0x50 ./Startup/startup_stm32c031c6tx.o
                0x08000c54                Reset_Handler
 .text.Default_Handler
                0x08000ca4        0x2 ./Startup/startup_stm32c031c6tx.o
                0x08000ca4                TIM1_CC_IRQHandler
                0x08000ca4                HardFault_Handler
                0x08000ca4                SysTick_Handler
                0x08000ca4                PendSV_Handler
                0x08000ca4                NMI_Handler
                0x08000ca4                I2C1_IRQHandler
                0x08000ca4                DMAMUX1_IRQHandler
                0x08000ca4                SPI1_IRQHandler
                0x08000ca4                EXTI2_3_IRQHandler
                0x08000ca4                ADC1_IRQHandler
                0x08000ca4                TIM17_IRQHandler
                0x08000ca4                RTC_IRQHandler
                0x08000ca4                TIM16_IRQHandler
                0x08000ca4                TIM3_IRQHandler
                0x08000ca4                EXTI4_15_IRQHandler
                0x08000ca4                RCC_IRQHandler
                0x08000ca4                DMA1_Channel1_IRQHandler
                0x08000ca4                Default_Handler
                0x08000ca4                TIM14_IRQHandler
                0x08000ca4                EXTI0_1_IRQHandler
                0x08000ca4                SVC_Handler
                0x08000ca4                WWDG_IRQHandler
                0x08000ca4                DMA1_Channel2_3_IRQHandler
                0x08000ca4                USART2_IRQHandler
                0x08000ca4                FLASH_IRQHandler
                0x08000ca4                USART1_IRQHandler
                0x08000ca4                TIM1_BRK_UP_TRG_COM_IRQHandler
 *fill*         0x08000ca6        0x2 
 .text.__libc_init_array
                0x08000ca8       0x48 C:/ST/STM32CubeIDE_2.2.0/STM32CubeIDE/plugins/com.st.stm32cube.ide.mcu.externaltools.gnu-tools-for-stm32.14.3.rel1.win32_1.0.100.202602081740/tools/bin/../lib/gcc/arm-none-eabi/14.3.1/../../../../arm-none-eabi/lib/thumb/v6-m/nofp\libc_nano.a(libc_a-init.o)
                0x08000ca8                __libc_init_array
 *(.glue_7)
 .glue_7        0x08000cf0        0x0 linker stubs
 *(.glue_7t)
 .glue_7t       0x08000cf0        0x0 linker stubs
 *(.eh_frame)
 .eh_frame      0x08000cf0        0x0 C:/ST/STM32CubeIDE_2.2.0/STM32CubeIDE/plugins/com.st.stm32cube.ide.mcu.externaltools.gnu-tools-for-stm32.14.3.rel1.win32_1.0.100.202602081740/tools/bin/../lib/gcc/arm-none-eabi/14.3.1/thumb/v6-m/nofp/crtbegin.o
 *(.init)
 .init          0x08000cf0        0x4 C:/ST/STM32CubeIDE_2.2.0/STM32CubeIDE/plugins/com.st.stm32cube.ide.mcu.externaltools.gnu-tools-for-stm32.14.3.rel1.win32_1.0.100.202602081740/tools/bin/../lib/gcc/arm-none-eabi/14.3.1/thumb/v6-m/nofp/crti.o
                0x08000cf0                _init
 .init          0x08000cf4        0x8 C:/ST/STM32CubeIDE_2.2.0/STM32CubeIDE/plugins/com.st.stm32cube.ide.mcu.externaltools.gnu-tools-for-stm32.14.3.rel1.win32_1.0.100.202602081740/tools/bin/../lib/gcc/arm-none-eabi/14.3.1/thumb/v6-m/nofp/crtn.o
 *(.fini)
 .fini          0x08000cfc        0x4 C:/ST/STM32CubeIDE_2.2.0/STM32CubeIDE/plugins/com.st.stm32cube.ide.mcu.externaltools.gnu-tools-for-stm32.14.3.rel1.win32_1.0.100.202602081740/tools/bin/../lib/gcc/arm-none-eabi/14.3.1/thumb/v6-m/nofp/crti.o
                0x08000cfc                _fini
 .fini          0x08000d00        0x8 C:/ST/STM32CubeIDE_2.2.0/STM32CubeIDE/plugins/com.st.stm32cube.ide.mcu.externaltools.gnu-tools-for-stm32.14.3.rel1.win32_1.0.100.202602081740/tools/bin/../lib/gcc/arm-none-eabi/14.3.1/thumb/v6-m/nofp/crtn.o
                0x08000d08                        . = ALIGN (0x4)
                0x08000d08                        _etext = .

.vfp11_veneer   0x08000d08        0x0
 .vfp11_veneer  0x08000d08        0x0 linker stubs

.v4_bx          0x08000d08        0x0
 .v4_bx         0x08000d08        0x0 linker stubs

.iplt           0x08000d08        0x0
 .iplt          0x08000d08        0x0 C:/ST/STM32CubeIDE_2.2.0/STM32CubeIDE/plugins/com.st.stm32cube.ide.mcu.externaltools.gnu-tools-for-stm32.14.3.rel1.win32_1.0.100.202602081740/tools/bin/../lib/gcc/arm-none-eabi/14.3.1/thumb/v6-m/nofp/crtbegin.o

.rodata         0x08000d08       0x30
                0x08000d08                        . = ALIGN (0x4)
 *(.rodata)
 .rodata        0x08000d08       0x12 ./Src/main.o
 *fill*         0x08000d1a        0x2 
 .rodata        0x08000d1c       0x18 ./Src/one_wire.o
 .rodata        0x08000d34        0x3 ./Src/uart.o
 *(.rodata*)
                0x08000d38                        . = ALIGN (0x4)
 *fill*         0x08000d37        0x1 

.ARM.extab      0x08000d38        0x0
                0x08000d38                        . = ALIGN (0x4)
 *(.ARM.extab* .gnu.linkonce.armextab.*)
                0x08000d38                        . = ALIGN (0x4)

.ARM            0x08000d38        0x0
                0x08000d38                        . = ALIGN (0x4)
                0x08000d38                        __exidx_start = .
 *(.ARM.exidx*)
                0x08000d38                        __exidx_end = .
                0x08000d38                        . = ALIGN (0x4)

.preinit_array  0x08000d38        0x0
                0x08000d38                        . = ALIGN (0x4)
                0x08000d38                        PROVIDE (__preinit_array_start = .)
 *(.preinit_array*)
                0x08000d38                        PROVIDE (__preinit_array_end = .)
                0x08000d38                        . = ALIGN (0x4)

.init_array     0x08000d38        0x4
                0x08000d38                        . = ALIGN (0x4)
                0x08000d38                        PROVIDE (__init_array_start = .)
 *(SORT_BY_NAME(.init_array.*))
 *(.init_array*)
 .init_array    0x08000d38        0x4 C:/ST/STM32CubeIDE_2.2.0/STM32CubeIDE/plugins/com.st.stm32cube.ide.mcu.externaltools.gnu-tools-for-stm32.14.3.rel1.win32_1.0.100.202602081740/tools/bin/../lib/gcc/arm-none-eabi/14.3.1/thumb/v6-m/nofp/crtbegin.o
                0x08000d3c                        PROVIDE (__init_array_end = .)
                0x08000d3c                        . = ALIGN (0x4)

.fini_array     0x08000d3c        0x4
                0x08000d3c                        . = ALIGN (0x4)
                [!provide]                        PROVIDE (__fini_array_start = .)
 *(SORT_BY_NAME(.fini_array.*))
 *(.fini_array*)
 .fini_array    0x08000d3c        0x4 C:/ST/STM32CubeIDE_2.2.0/STM32CubeIDE/plugins/com.st.stm32cube.ide.mcu.externaltools.gnu-tools-for-stm32.14.3.rel1.win32_1.0.100.202602081740/tools/bin/../lib/gcc/arm-none-eabi/14.3.1/thumb/v6-m/nofp/crtbegin.o
                [!provide]                        PROVIDE (__fini_array_end = .)
                0x08000d40                        . = ALIGN (0x4)
                0x08000d40                        _sidata = LOADADDR (.data)

.rel.dyn        0x08000d40        0x0
 .rel.iplt      0x08000d40        0x0 C:/ST/STM32CubeIDE_2.2.0/STM32CubeIDE/plugins/com.st.stm32cube.ide.mcu.externaltools.gnu-tools-for-stm32.14.3.rel1.win32_1.0.100.202602081740/tools/bin/../lib/gcc/arm-none-eabi/14.3.1/thumb/v6-m/nofp/crtbegin.o

.data           0x20000000        0x4 load address 0x08000d40
                0x20000000                        . = ALIGN (0x4)
                0x20000000                        _sdata = .
 *(.data)
 *(.data*)
 .data.SystemCoreClock
                0x20000000        0x4 ./Src/system_stm32c0xx.o
                0x20000000                SystemCoreClock
 *(.RamFunc)
 *(.RamFunc*)
                0x20000004                        . = ALIGN (0x4)
                0x20000004                        _edata = .

.igot.plt       0x20000004        0x0 load address 0x08000d44
 .igot.plt      0x20000004        0x0 C:/ST/STM32CubeIDE_2.2.0/STM32CubeIDE/plugins/com.st.stm32cube.ide.mcu.externaltools.gnu-tools-for-stm32.14.3.rel1.win32_1.0.100.202602081740/tools/bin/../lib/gcc/arm-none-eabi/14.3.1/thumb/v6-m/nofp/crtbegin.o
                0x20000004                        . = ALIGN (0x4)

.bss            0x20000004       0x1c load address 0x08000d44
                0x20000004                        _sbss = .
                0x20000004                        __bss_start__ = _sbss
 *(.bss)
 .bss           0x20000004       0x1c C:/ST/STM32CubeIDE_2.2.0/STM32CubeIDE/plugins/com.st.stm32cube.ide.mcu.externaltools.gnu-tools-for-stm32.14.3.rel1.win32_1.0.100.202602081740/tools/bin/../lib/gcc/arm-none-eabi/14.3.1/thumb/v6-m/nofp/crtbegin.o
 *(.bss*)
 *(COMMON)
                0x20000020                        . = ALIGN (0x4)
                0x20000020                        _ebss = .
                0x20000020                        __bss_end__ = _ebss

._user_heap_stack
                0x20000020      0x600 load address 0x08000d44
                0x20000020                        . = ALIGN (0x8)
                [!provide]                        PROVIDE (end = .)
                0x20000020                        PROVIDE (_end = .)
                0x20000220                        . = (. + _Min_Heap_Size)
 *fill*         0x20000020      0x200 
                0x20000620                        . = (. + _Min_Stack_Size)
 *fill*         0x20000220      0x400 
                0x20000620                        . = ALIGN (0x8)

/DISCARD/
 libc.a(*)
 libm.a(*)
 libgcc.a(*)

.ARM.attributes
                0x00000000       0x28
 *(.ARM.attributes)
 .ARM.attributes
                0x00000000       0x1e C:/ST/STM32CubeIDE_2.2.0/STM32CubeIDE/plugins/com.st.stm32cube.ide.mcu.externaltools.gnu-tools-for-stm32.14.3.rel1.win32_1.0.100.202602081740/tools/bin/../lib/gcc/arm-none-eabi/14.3.1/thumb/v6-m/nofp/crti.o
 .ARM.attributes
                0x0000001e       0x2c C:/ST/STM32CubeIDE_2.2.0/STM32CubeIDE/plugins/com.st.stm32cube.ide.mcu.externaltools.gnu-tools-for-stm32.14.3.rel1.win32_1.0.100.202602081740/tools/bin/../lib/gcc/arm-none-eabi/14.3.1/thumb/v6-m/nofp/crtbegin.o
 .ARM.attributes
                0x0000004a       0x2c ./Src/adc.o
 .ARM.attributes
                0x00000076       0x2c ./Src/clock.o
 .ARM.attributes
                0x000000a2       0x2c ./Src/gpio.o
 .ARM.attributes
                0x000000ce       0x2c ./Src/main.o
 .ARM.attributes
                0x000000fa       0x2c ./Src/one_wire.o
 .ARM.attributes
                0x00000126       0x2c ./Src/system_stm32c0xx.o
 .ARM.attributes
                0x00000152       0x2c ./Src/timers.o
 .ARM.attributes
                0x0000017e       0x2c ./Src/uart.o
 .ARM.attributes
                0x000001aa       0x22 ./Startup/startup_stm32c031c6tx.o
 .ARM.attributes
                0x000001cc       0x2c C:/ST/STM32CubeIDE_2.2.0/STM32CubeIDE/plugins/com.st.stm32cube.ide.mcu.externaltools.gnu-tools-for-stm32.14.3.rel1.win32_1.0.100.202602081740/tools/bin/../lib/gcc/arm-none-eabi/14.3.1/../../../../arm-none-eabi/lib/thumb/v6-m/nofp\libc_nano.a(libc_a-init.o)
 .ARM.attributes
                0x000001f8       0x1e C:/ST/STM32CubeIDE_2.2.0/STM32CubeIDE/plugins/com.st.stm32cube.ide.mcu.externaltools.gnu-tools-for-stm32.14.3.rel1.win32_1.0.100.202602081740/tools/bin/../lib/gcc/arm-none-eabi/14.3.1/thumb/v6-m/nofp\libgcc.a(_udivsi3.o)
 .ARM.attributes
                0x00000216       0x1e C:/ST/STM32CubeIDE_2.2.0/STM32CubeIDE/plugins/com.st.stm32cube.ide.mcu.externaltools.gnu-tools-for-stm32.14.3.rel1.win32_1.0.100.202602081740/tools/bin/../lib/gcc/arm-none-eabi/14.3.1/thumb/v6-m/nofp\libgcc.a(_dvmd_tls.o)
 .ARM.attributes
                0x00000234       0x1e C:/ST/STM32CubeIDE_2.2.0/STM32CubeIDE/plugins/com.st.stm32cube.ide.mcu.externaltools.gnu-tools-for-stm32.14.3.rel1.win32_1.0.100.202602081740/tools/bin/../lib/gcc/arm-none-eabi/14.3.1/thumb/v6-m/nofp/crtn.o
OUTPUT(Temp_station.elf elf32-littlearm)
LOAD linker stubs
LOAD C:/ST/STM32CubeIDE_2.2.0/STM32CubeIDE/plugins/com.st.stm32cube.ide.mcu.externaltools.gnu-tools-for-stm32.14.3.rel1.win32_1.0.100.202602081740/tools/bin/../lib/gcc/arm-none-eabi/14.3.1/../../../../arm-none-eabi/lib/thumb/v6-m/nofp\libc.a
LOAD C:/ST/STM32CubeIDE_2.2.0/STM32CubeIDE/plugins/com.st.stm32cube.ide.mcu.externaltools.gnu-tools-for-stm32.14.3.rel1.win32_1.0.100.202602081740/tools/bin/../lib/gcc/arm-none-eabi/14.3.1/../../../../arm-none-eabi/lib/thumb/v6-m/nofp\libm.a
LOAD C:/ST/STM32CubeIDE_2.2.0/STM32CubeIDE/plugins/com.st.stm32cube.ide.mcu.externaltools.gnu-tools-for-stm32.14.3.rel1.win32_1.0.100.202602081740/tools/bin/../lib/gcc/arm-none-eabi/14.3.1/thumb/v6-m/nofp\libgcc.a

.debug_info     0x00000000     0x1a29
 .debug_info    0x00000000      0x30c ./Src/adc.o
 .debug_info    0x0000030c      0x481 ./Src/clock.o
 .debug_info    0x0000078d      0x145 ./Src/gpio.o
 .debug_info    0x000008d2      0x169 ./Src/main.o
 .debug_info    0x00000a3b      0x375 ./Src/one_wire.o
 .debug_info    0x00000db0      0x36c ./Src/system_stm32c0xx.o
 .debug_info    0x0000111c      0x3a5 ./Src/timers.o
 .debug_info    0x000014c1      0x538 ./Src/uart.o
 .debug_info    0x000019f9       0x30 ./Startup/startup_stm32c031c6tx.o

.debug_abbrev   0x00000000      0x84f
 .debug_abbrev  0x00000000      0x100 ./Src/adc.o
 .debug_abbrev  0x00000100       0xca ./Src/clock.o
 .debug_abbrev  0x000001ca       0xb1 ./Src/gpio.o
 .debug_abbrev  0x0000027b       0xc4 ./Src/main.o
 .debug_abbrev  0x0000033f      0x15b ./Src/one_wire.o
 .debug_abbrev  0x0000049a      0x119 ./Src/system_stm32c0xx.o
 .debug_abbrev  0x000005b3      0x118 ./Src/timers.o
 .debug_abbrev  0x000006cb      0x160 ./Src/uart.o
 .debug_abbrev  0x0000082b       0x24 ./Startup/startup_stm32c031c6tx.o

.debug_aranges  0x00000000      0x1d0
 .debug_aranges
                0x00000000       0x20 ./Src/adc.o
 .debug_aranges
                0x00000020       0x30 ./Src/clock.o
 .debug_aranges
                0x00000050       0x20 ./Src/gpio.o
 .debug_aranges
                0x00000070       0x20 ./Src/main.o
 .debug_aranges
                0x00000090       0x50 ./Src/one_wire.o
 .debug_aranges
                0x000000e0       0x28 ./Src/system_stm32c0xx.o
 .debug_aranges
                0x00000108       0x30 ./Src/timers.o
 .debug_aranges
                0x00000138       0x70 ./Src/uart.o
 .debug_aranges
                0x000001a8       0x28 ./Startup/startup_stm32c031c6tx.o

.debug_rnglists
                0x00000000      0x137
 .debug_rnglists
                0x00000000       0x14 ./Src/adc.o
 .debug_rnglists
                0x00000014       0x20 ./Src/clock.o
 .debug_rnglists
                0x00000034       0x14 ./Src/gpio.o
 .debug_rnglists
                0x00000048       0x13 ./Src/main.o
 .debug_rnglists
                0x0000005b       0x38 ./Src/one_wire.o
 .debug_rnglists
                0x00000093       0x1a ./Src/system_stm32c0xx.o
 .debug_rnglists
                0x000000ad       0x1f ./Src/timers.o
 .debug_rnglists
                0x000000cc       0x52 ./Src/uart.o
 .debug_rnglists
                0x0000011e       0x19 ./Startup/startup_stm32c031c6tx.o

.debug_macro    0x00000000     0xb250
 .debug_macro   0x00000000      0x10f ./Src/adc.o
 .debug_macro   0x0000010f      0xaae ./Src/adc.o
 .debug_macro   0x00000bbd       0x2e ./Src/adc.o
 .debug_macro   0x00000beb       0x28 ./Src/adc.o
 .debug_macro   0x00000c13       0x22 ./Src/adc.o
 .debug_macro   0x00000c35       0x8e ./Src/adc.o
 .debug_macro   0x00000cc3       0x51 ./Src/adc.o
 .debug_macro   0x00000d14      0x103 ./Src/adc.o
 .debug_macro   0x00000e17       0x6a ./Src/adc.o
 .debug_macro   0x00000e81      0x1df ./Src/adc.o
 .debug_macro   0x00001060       0x1c ./Src/adc.o
 .debug_macro   0x0000107c       0x22 ./Src/adc.o
 .debug_macro   0x0000109e       0xd1 ./Src/adc.o
 .debug_macro   0x0000116f      0x4da ./Src/adc.o
 .debug_macro   0x00001649      0x11f ./Src/adc.o
 .debug_macro   0x00001768     0x93cf ./Src/adc.o
 .debug_macro   0x0000ab37       0x6d ./Src/adc.o
 .debug_macro   0x0000aba4      0x117 ./Src/clock.o
 .debug_macro   0x0000acbb       0xcc ./Src/gpio.o
 .debug_macro   0x0000ad87       0x10 ./Src/gpio.o
 .debug_macro   0x0000ad97       0xfe ./Src/main.o
 .debug_macro   0x0000ae95      0x10e ./Src/one_wire.o
 .debug_macro   0x0000afa3       0xe1 ./Src/system_stm32c0xx.o
 .debug_macro   0x0000b084       0xd3 ./Src/timers.o
 .debug_macro   0x0000b157       0xf9 ./Src/uart.o

.debug_line     0x00000000     0x2e17
 .debug_line    0x00000000      0x55e ./Src/adc.o
 .debug_line    0x0000055e      0x5b2 ./Src/clock.o
 .debug_line    0x00000b10      0x553 ./Src/gpio.o
 .debug_line    0x00001063      0x538 ./Src/main.o
 .debug_line    0x0000159b      0x6ab ./Src/one_wire.o
 .debug_line    0x00001c46      0x54a ./Src/system_stm32c0xx.o
 .debug_line    0x00002190      0x562 ./Src/timers.o
 .debug_line    0x000026f2      0x6a8 ./Src/uart.o
 .debug_line    0x00002d9a       0x7d ./Startup/startup_stm32c031c6tx.o

.debug_str      0x00000000    0x3c839
 .debug_str     0x00000000    0x3c839 ./Src/adc.o
                              0x3c237 (size before relaxing)
 .debug_str     0x0003c839    0x3c2d9 ./Src/clock.o
 .debug_str     0x0003c839    0x3c03a ./Src/gpio.o
 .debug_str     0x0003c839    0x3c0eb ./Src/main.o
 .debug_str     0x0003c839    0x3c1e3 ./Src/one_wire.o
 .debug_str     0x0003c839    0x3c199 ./Src/system_stm32c0xx.o
 .debug_str     0x0003c839    0x3c159 ./Src/timers.o
 .debug_str     0x0003c839    0x3c298 ./Src/uart.o
 .debug_str     0x0003c839       0x7c ./Startup/startup_stm32c031c6tx.o

.comment        0x00000000       0x43
 .comment       0x00000000       0x43 ./Src/adc.o
                                 0x44 (size before relaxing)
 .comment       0x00000043       0x44 ./Src/clock.o
 .comment       0x00000043       0x44 ./Src/gpio.o
 .comment       0x00000043       0x44 ./Src/main.o
 .comment       0x00000043       0x44 ./Src/one_wire.o
 .comment       0x00000043       0x44 ./Src/system_stm32c0xx.o
 .comment       0x00000043       0x44 ./Src/timers.o
 .comment       0x00000043       0x44 ./Src/uart.o

.debug_frame    0x00000000      0x450
 .debug_frame   0x00000000       0x2c ./Src/adc.o
 .debug_frame   0x0000002c       0x64 ./Src/clock.o
 .debug_frame   0x00000090       0x2c ./Src/gpio.o
 .debug_frame   0x000000bc       0x30 ./Src/main.o
 .debug_frame   0x000000ec       0xf4 ./Src/one_wire.o
 .debug_frame   0x000001e0       0x4c ./Src/system_stm32c0xx.o
 .debug_frame   0x0000022c       0x6c ./Src/timers.o
 .debug_frame   0x00000298      0x16c ./Src/uart.o
 .debug_frame   0x00000404       0x2c C:/ST/STM32CubeIDE_2.2.0/STM32CubeIDE/plugins/com.st.stm32cube.ide.mcu.externaltools.gnu-tools-for-stm32.14.3.rel1.win32_1.0.100.202602081740/tools/bin/../lib/gcc/arm-none-eabi/14.3.1/../../../../arm-none-eabi/lib/thumb/v6-m/nofp\libc_nano.a(libc_a-init.o)
 .debug_frame   0x00000430       0x20 C:/ST/STM32CubeIDE_2.2.0/STM32CubeIDE/plugins/com.st.stm32cube.ide.mcu.externaltools.gnu-tools-for-stm32.14.3.rel1.win32_1.0.100.202602081740/tools/bin/../lib/gcc/arm-none-eabi/14.3.1/thumb/v6-m/nofp\libgcc.a(_udivsi3.o)

.debug_line_str
                0x00000000       0x60
 .debug_line_str
                0x00000000       0x60 ./Startup/startup_stm32c031c6tx.o
