Archive member included to satisfy reference by file (symbol)

C:/ST/STM32CubeIDE_2.2.0/STM32CubeIDE/plugins/com.st.stm32cube.ide.mcu.externaltools.gnu-tools-for-stm32.14.3.rel1.win32_1.0.100.202602081740/tools/bin/../lib/gcc/arm-none-eabi/14.3.1/../../../../arm-none-eabi/lib/thumb/v6-m/nofp\libc_nano.a(libc_a-exit.o)
                              C:/ST/STM32CubeIDE_2.2.0/STM32CubeIDE/plugins/com.st.stm32cube.ide.mcu.externaltools.gnu-tools-for-stm32.14.3.rel1.win32_1.0.100.202602081740/tools/bin/../lib/gcc/arm-none-eabi/14.3.1/../../../../arm-none-eabi/lib/thumb/v6-m/nofp/crt0.o (exit)
C:/ST/STM32CubeIDE_2.2.0/STM32CubeIDE/plugins/com.st.stm32cube.ide.mcu.externaltools.gnu-tools-for-stm32.14.3.rel1.win32_1.0.100.202602081740/tools/bin/../lib/gcc/arm-none-eabi/14.3.1/../../../../arm-none-eabi/lib/thumb/v6-m/nofp\libc_nano.a(libc_a-findfp.o)
                              C:/ST/STM32CubeIDE_2.2.0/STM32CubeIDE/plugins/com.st.stm32cube.ide.mcu.externaltools.gnu-tools-for-stm32.14.3.rel1.win32_1.0.100.202602081740/tools/bin/../lib/gcc/arm-none-eabi/14.3.1/../../../../arm-none-eabi/lib/thumb/v6-m/nofp\libc_nano.a(libc_a-exit.o) (__stdio_exit_handler)
C:/ST/STM32CubeIDE_2.2.0/STM32CubeIDE/plugins/com.st.stm32cube.ide.mcu.externaltools.gnu-tools-for-stm32.14.3.rel1.win32_1.0.100.202602081740/tools/bin/../lib/gcc/arm-none-eabi/14.3.1/../../../../arm-none-eabi/lib/thumb/v6-m/nofp\libc_nano.a(libc_a-fwalk.o)
                              C:/ST/STM32CubeIDE_2.2.0/STM32CubeIDE/plugins/com.st.stm32cube.ide.mcu.externaltools.gnu-tools-for-stm32.14.3.rel1.win32_1.0.100.202602081740/tools/bin/../lib/gcc/arm-none-eabi/14.3.1/../../../../arm-none-eabi/lib/thumb/v6-m/nofp\libc_nano.a(libc_a-findfp.o) (_fwalk_sglue)
C:/ST/STM32CubeIDE_2.2.0/STM32CubeIDE/plugins/com.st.stm32cube.ide.mcu.externaltools.gnu-tools-for-stm32.14.3.rel1.win32_1.0.100.202602081740/tools/bin/../lib/gcc/arm-none-eabi/14.3.1/../../../../arm-none-eabi/lib/thumb/v6-m/nofp\libc_nano.a(libc_a-stdio.o)
                              C:/ST/STM32CubeIDE_2.2.0/STM32CubeIDE/plugins/com.st.stm32cube.ide.mcu.externaltools.gnu-tools-for-stm32.14.3.rel1.win32_1.0.100.202602081740/tools/bin/../lib/gcc/arm-none-eabi/14.3.1/../../../../arm-none-eabi/lib/thumb/v6-m/nofp\libc_nano.a(libc_a-findfp.o) (__sread)
C:/ST/STM32CubeIDE_2.2.0/STM32CubeIDE/plugins/com.st.stm32cube.ide.mcu.externaltools.gnu-tools-for-stm32.14.3.rel1.win32_1.0.100.202602081740/tools/bin/../lib/gcc/arm-none-eabi/14.3.1/../../../../arm-none-eabi/lib/thumb/v6-m/nofp\libc_nano.a(libc_a-memset.o)
                              C:/ST/STM32CubeIDE_2.2.0/STM32CubeIDE/plugins/com.st.stm32cube.ide.mcu.externaltools.gnu-tools-for-stm32.14.3.rel1.win32_1.0.100.202602081740/tools/bin/../lib/gcc/arm-none-eabi/14.3.1/../../../../arm-none-eabi/lib/thumb/v6-m/nofp/crt0.o (memset)
C:/ST/STM32CubeIDE_2.2.0/STM32CubeIDE/plugins/com.st.stm32cube.ide.mcu.externaltools.gnu-tools-for-stm32.14.3.rel1.win32_1.0.100.202602081740/tools/bin/../lib/gcc/arm-none-eabi/14.3.1/../../../../arm-none-eabi/lib/thumb/v6-m/nofp\libc_nano.a(libc_a-closer.o)
                              C:/ST/STM32CubeIDE_2.2.0/STM32CubeIDE/plugins/com.st.stm32cube.ide.mcu.externaltools.gnu-tools-for-stm32.14.3.rel1.win32_1.0.100.202602081740/tools/bin/../lib/gcc/arm-none-eabi/14.3.1/../../../../arm-none-eabi/lib/thumb/v6-m/nofp\libc_nano.a(libc_a-stdio.o) (_close_r)
C:/ST/STM32CubeIDE_2.2.0/STM32CubeIDE/plugins/com.st.stm32cube.ide.mcu.externaltools.gnu-tools-for-stm32.14.3.rel1.win32_1.0.100.202602081740/tools/bin/../lib/gcc/arm-none-eabi/14.3.1/../../../../arm-none-eabi/lib/thumb/v6-m/nofp\libc_nano.a(libc_a-reent.o)
                              C:/ST/STM32CubeIDE_2.2.0/STM32CubeIDE/plugins/com.st.stm32cube.ide.mcu.externaltools.gnu-tools-for-stm32.14.3.rel1.win32_1.0.100.202602081740/tools/bin/../lib/gcc/arm-none-eabi/14.3.1/../../../../arm-none-eabi/lib/thumb/v6-m/nofp\libc_nano.a(libc_a-closer.o) (errno)
C:/ST/STM32CubeIDE_2.2.0/STM32CubeIDE/plugins/com.st.stm32cube.ide.mcu.externaltools.gnu-tools-for-stm32.14.3.rel1.win32_1.0.100.202602081740/tools/bin/../lib/gcc/arm-none-eabi/14.3.1/../../../../arm-none-eabi/lib/thumb/v6-m/nofp\libc_nano.a(libc_a-impure.o)
                              C:/ST/STM32CubeIDE_2.2.0/STM32CubeIDE/plugins/com.st.stm32cube.ide.mcu.externaltools.gnu-tools-for-stm32.14.3.rel1.win32_1.0.100.202602081740/tools/bin/../lib/gcc/arm-none-eabi/14.3.1/../../../../arm-none-eabi/lib/thumb/v6-m/nofp\libc_nano.a(libc_a-reent.o) (_impure_ptr)
C:/ST/STM32CubeIDE_2.2.0/STM32CubeIDE/plugins/com.st.stm32cube.ide.mcu.externaltools.gnu-tools-for-stm32.14.3.rel1.win32_1.0.100.202602081740/tools/bin/../lib/gcc/arm-none-eabi/14.3.1/../../../../arm-none-eabi/lib/thumb/v6-m/nofp\libc_nano.a(libc_a-lseekr.o)
[...]
Memory Configuration

Name             Origin             Length             Attributes
RAM              0x20000000         0x00003000         xrw
FLASH            0x08000000         0x00008000         xr
*default*        0x00000000         0xffffffff

Linker script and memory map

LOAD C:/ST/STM32CubeIDE_2.2.0/STM32CubeIDE/plugins/com.st.stm32cube.ide.mcu.externaltools.gnu-tools-for-stm32.14.3.rel1.win32_1.0.100.202602081740/tools/bin/../lib/gcc/arm-none-eabi/14.3.1/thumb/v6-m/nofp/crti.o
LOAD C:/ST/STM32CubeIDE_2.2.0/STM32CubeIDE/plugins/com.st.stm32cube.ide.mcu.externaltools.gnu-tools-for-stm32.14.3.rel1.win32_1.0.100.202602081740/tools/bin/../lib/gcc/arm-none-eabi/14.3.1/thumb/v6-m/nofp/crtbegin.o
LOAD C:/ST/STM32CubeIDE_2.2.0/STM32CubeIDE/plugins/com.st.stm32cube.ide.mcu.externaltools.gnu-tools-for-stm32.14.3.rel1.win32_1.0.100.202602081740/tools/bin/../lib/gcc/arm-none-eabi/14.3.1/../../../../arm-none-eabi/lib/thumb/v6-m/nofp/crt0.o
LOAD ./Src/adc.o
LOAD ./Src/clock.o
LOAD ./Src/gpio.o
LOAD ./Src/main.o
LOAD ./Src/one_wire_DS18B20.o
LOAD ./Src/syscalls.o
LOAD ./Src/sysmem.o
LOAD ./Src/system_stm32c0xx.o
LOAD ./Src/timers.o
LOAD ./Src/uart.o
LOAD ./Startup/startup_stm32c031c6tx.o
START GROUP
LOAD C:/ST/STM32CubeIDE_2.2.0/STM32CubeIDE/plugins/com.st.stm32cube.ide.mcu.externaltools.gnu-tools-for-stm32.14.3.rel1.win32_1.0.100.202602081740/tools/bin/../lib/gcc/arm-none-eabi/14.3.1/../../../../arm-none-eabi/lib/thumb/v6-m/nofp\libc_nano.a
LOAD C:/ST/STM32CubeIDE_2.2.0/STM32CubeIDE/plugins/com.st.stm32cube.ide.mcu.externaltools.gnu-tools-for-stm32.14.3.rel1.win32_1.0.100.202602081740/tools/bin/../lib/gcc/arm-none-eabi/14.3.1/../../../../arm-none-eabi/lib/thumb/v6-m/nofp\libm.a
END GROUP
START GROUP
LOAD C:/ST/STM32CubeIDE_2.2.0/STM32CubeIDE/plugins/com.st.stm32cube.ide.mcu.externaltools.gnu-tools-for-stm32.14.3.rel1.win32_1.0.100.202602081740/tools/bin/../lib/gcc/arm-none-eabi/14.3.1/thumb/v6-m/nofp\libgcc.a
LOAD C:/ST/STM32CubeIDE_2.2.0/STM32CubeIDE/plugins/com.st.stm32cube.ide.mcu.externaltools.gnu-tools-for-stm32.14.3.rel1.win32_1.0.100.202602081740/tools/bin/../lib/gcc/arm-none-eabi/14.3.1/../../../../arm-none-eabi/lib/thumb/v6-m/nofp\libc_nano.a
END GROUP
START GROUP
LOAD C:/ST/STM32CubeIDE_2.2.0/STM32CubeIDE/plugins/com.st.stm32cube.ide.mcu.externaltools.gnu-tools-for-stm32.14.3.rel1.win32_1.0.100.202602081740/tools/bin/../lib/gcc/arm-none-eabi/14.3.1/thumb/v6-m/nofp\libgcc.a
LOAD C:/ST/STM32CubeIDE_2.2.0/STM32CubeIDE/plugins/com.st.stm32cube.ide.mcu.externaltools.gnu-tools-for-stm32.14.3.rel1.win32_1.0.100.202602081740/tools/bin/../lib/gcc/arm-none-eabi/14.3.1/../../../../arm-none-eabi/lib/thumb/v6-m/nofp\libc_nano.a
LOAD C:/ST/STM32CubeIDE_2.2.0/STM32CubeIDE/plugins/com.st.stm32cube.ide.mcu.externaltools.gnu-tools-for-stm32.14.3.rel1.win32_1.0.100.202602081740/tools/bin/../lib/gcc/arm-none-eabi/14.3.1/../../../../arm-none-eabi/lib/thumb/v6-m/nofp\libnosys.a
END GROUP
START GROUP
LOAD C:/ST/STM32CubeIDE_2.2.0/STM32CubeIDE/plugins/com.st.stm32cube.ide.mcu.externaltools.gnu-tools-for-stm32.14.3.rel1.win32_1.0.100.202602081740/tools/bin/../lib/gcc/arm-none-eabi/14.3.1/thumb/v6-m/nofp\libgcc.a
LOAD C:/ST/STM32CubeIDE_2.2.0/STM32CubeIDE/plugins/com.st.stm32cube.ide.mcu.externaltools.gnu-tools-for-stm32.14.3.rel1.win32_1.0.100.202602081740/tools/bin/../lib/gcc/arm-none-eabi/14.3.1/../../../../arm-none-eabi/lib/thumb/v6-m/nofp\libc_nano.a
LOAD C:/ST/STM32CubeIDE_2.2.0/STM32CubeIDE/plugins/com.st.stm32cube.ide.mcu.externaltools.gnu-tools-for-stm32.14.3.rel1.win32_1.0.100.202602081740/tools/bin/../lib/gcc/arm-none-eabi/14.3.1/../../../../arm-none-eabi/lib/thumb/v6-m/nofp\libnosys.a
END GROUP
LOAD C:/ST/STM32CubeIDE_2.2.0/STM32CubeIDE/plugins/com.st.stm32cube.ide.mcu.externaltools.gnu-tools-for-stm32.14.3.rel1.win32_1.0.100.202602081740/tools/bin/../lib/gcc/arm-none-eabi/14.3.1/thumb/v6-m/nofp/crtend.o
LOAD C:/ST/STM32CubeIDE_2.2.0/STM32CubeIDE/plugins/com.st.stm32cube.ide.mcu.externaltools.gnu-tools-for-stm32.14.3.rel1.win32_1.0.100.202602081740/tools/bin/../lib/gcc/arm-none-eabi/14.3.1/thumb/v6-m/nofp/crtn.o
                0x20003000                        _estack = (ORIGIN (RAM) + LENGTH (RAM))
                0x00000200                        _Min_Heap_Size = 0x200
                0x00000400                        _Min_Stack_Size = 0x400

.isr_vector     0x08000000       0xc0
                0x08000000                        . = ALIGN (0x4)
 *(.isr_vector)
 .isr_vector    0x08000000       0xc0 ./Startup/startup_stm32c031c6tx.o
                0x08000000                g_pfnVectors
                0x080000c0                        . = ALIGN (0x4)

.text           0x080000c0      0x534
                0x080000c0                        . = ALIGN (0x4)
 *(.text)
 .text          0x080000c0       0x48 C:/ST/STM32CubeIDE_2.2.0/STM32CubeIDE/plugins/com.st.stm32cube.ide.mcu.externaltools.gnu-tools-for-stm32.14.3.rel1.win32_1.0.100.202602081740/tools/bin/../lib/gcc/arm-none-eabi/14.3.1/thumb/v6-m/nofp/crtbegin.o
 *(.text*)
 .text.adc_init
                0x08000108       0xbc ./Src/adc.o
                0x08000108                adc_init
 .text.sys_clk_to_3MHz
                0x080001c4       0x48 ./Src/clock.o
                0x080001c4                sys_clk_to_3MHz
 .text.peripheral_clk_init
                0x0800020c       0x38 ./Src/clock.o
                0x0800020c                peripheral_clk_init
 .text.rtc_init
                0x08000244       0xb4 ./Src/clock.o
                0x08000244                rtc_init
 .text.gpio_init
                0x080002f8      0x118 ./Src/gpio.o
                0x080002f8                gpio_init
 .text.main     0x08000410       0x24 ./Src/main.o
                0x08000410                main
 .text.SystemInit
                0x08000434       0x18 ./Src/system_stm32c0xx.o
                0x08000434                SystemInit
 .text.timer_init
                0x0800044c       0x40 ./Src/timers.o
                0x0800044c                timer_init
 .text.delay_us
                0x0800048c       0x2c ./Src/timers.o
                0x0800048c                delay_us
 .text.uart_init
                0x080004b8       0x88 ./Src/uart.o
                0x080004b8                uart_init
 .text.Reset_Handler
                0x08000540       0x50 ./Startup/startup_stm32c031c6tx.o
                0x08000540                Reset_Handler
 .text.Default_Handler
                0x08000590        0x2 ./Startup/startup_stm32c031c6tx.o
                0x08000590                TIM1_CC_IRQHandler
                0x08000590                HardFault_Handler
                0x08000590                SysTick_Handler
                0x08000590                PendSV_Handler
                0x08000590                NMI_Handler
                0x08000590                I2C1_IRQHandler
                0x08000590                DMAMUX1_IRQHandler
                0x08000590                SPI1_IRQHandler
                0x08000590                EXTI2_3_IRQHandler
                0x08000590                ADC1_IRQHandler
                0x08000590                TIM17_IRQHandler
                0x08000590                RTC_IRQHandler
                0x08000590                TIM16_IRQHandler
                0x08000590                TIM3_IRQHandler
                0x08000590                EXTI4_15_IRQHandler
                0x08000590                RCC_IRQHandler
                0x08000590                DMA1_Channel1_IRQHandler
                0x08000590                Default_Handler
                0x08000590                TIM14_IRQHandler
                0x08000590                EXTI0_1_IRQHandler
                0x08000590                SVC_Handler
                0x08000590                WWDG_IRQHandler
                0x08000590                DMA1_Channel2_3_IRQHandler
                0x08000590                USART2_IRQHandler
                0x08000590                FLASH_IRQHandler
                0x08000590                USART1_IRQHandler
                0x08000590                TIM1_BRK_UP_TRG_COM_IRQHandler
 *fill*         0x08000592        0x2 
 .text.__libc_init_array
                0x08000594       0x48 C:/ST/STM32CubeIDE_2.2.0/STM32CubeIDE/plugins/com.st.stm32cube.ide.mcu.externaltools.gnu-tools-for-stm32.14.3.rel1.win32_1.0.100.202602081740/tools/bin/../lib/gcc/arm-none-eabi/14.3.1/../../../../arm-none-eabi/lib/thumb/v6-m/nofp\libc_nano.a(libc_a-init.o)
                0x08000594                __libc_init_array
 *(.glue_7)
 .glue_7        0x080005dc        0x0 linker stubs
 *(.glue_7t)
 .glue_7t       0x080005dc        0x0 linker stubs
 *(.eh_frame)
 .eh_frame      0x080005dc        0x0 C:/ST/STM32CubeIDE_2.2.0/STM32CubeIDE/plugins/com.st.stm32cube.ide.mcu.externaltools.gnu-tools-for-stm32.14.3.rel1.win32_1.0.100.202602081740/tools/bin/../lib/gcc/arm-none-eabi/14.3.1/thumb/v6-m/nofp/crtbegin.o
 *(.init)
 .init          0x080005dc        0x4 C:/ST/STM32CubeIDE_2.2.0/STM32CubeIDE/plugins/com.st.stm32cube.ide.mcu.externaltools.gnu-tools-for-stm32.14.3.rel1.win32_1.0.100.202602081740/tools/bin/../lib/gcc/arm-none-eabi/14.3.1/thumb/v6-m/nofp/crti.o
                0x080005dc                _init
 .init          0x080005e0        0x8 C:/ST/STM32CubeIDE_2.2.0/STM32CubeIDE/plugins/com.st.stm32cube.ide.mcu.externaltools.gnu-tools-for-stm32.14.3.rel1.win32_1.0.100.202602081740/tools/bin/../lib/gcc/arm-none-eabi/14.3.1/thumb/v6-m/nofp/crtn.o
 *(.fini)
 .fini          0x080005e8        0x4 C:/ST/STM32CubeIDE_2.2.0/STM32CubeIDE/plugins/com.st.stm32cube.ide.mcu.externaltools.gnu-tools-for-stm32.14.3.rel1.win32_1.0.100.202602081740/tools/bin/../lib/gcc/arm-none-eabi/14.3.1/thumb/v6-m/nofp/crti.o
                0x080005e8                _fini
 .fini          0x080005ec        0x8 C:/ST/STM32CubeIDE_2.2.0/STM32CubeIDE/plugins/com.st.stm32cube.ide.mcu.externaltools.gnu-tools-for-stm32.14.3.rel1.win32_1.0.100.202602081740/tools/bin/../lib/gcc/arm-none-eabi/14.3.1/thumb/v6-m/nofp/crtn.o
                0x080005f4                        . = ALIGN (0x4)
                0x080005f4                        _etext = .

.vfp11_veneer   0x080005f4        0x0
 .vfp11_veneer  0x080005f4        0x0 linker stubs

.v4_bx          0x080005f4        0x0
 .v4_bx         0x080005f4        0x0 linker stubs

.iplt           0x080005f4        0x0
 .iplt          0x080005f4        0x0 C:/ST/STM32CubeIDE_2.2.0/STM32CubeIDE/plugins/com.st.stm32cube.ide.mcu.externaltools.gnu-tools-for-stm32.14.3.rel1.win32_1.0.100.202602081740/tools/bin/../lib/gcc/arm-none-eabi/14.3.1/thumb/v6-m/nofp/crtbegin.o

.rodata         0x080005f4        0x0
                0x080005f4                        . = ALIGN (0x4)
 *(.rodata)
 *(.rodata*)
                0x080005f4                        . = ALIGN (0x4)

.ARM.extab      0x080005f4        0x0
                0x080005f4                        . = ALIGN (0x4)
 *(.ARM.extab* .gnu.linkonce.armextab.*)
                0x080005f4                        . = ALIGN (0x4)

.ARM            0x080005f4        0x0
                0x080005f4                        . = ALIGN (0x4)
                0x080005f4                        __exidx_start = .
 *(.ARM.exidx*)
                0x080005f4                        __exidx_end = .
                0x080005f4                        . = ALIGN (0x4)

.preinit_array  0x080005f4        0x0
                0x080005f4                        . = ALIGN (0x4)
                0x080005f4                        PROVIDE (__preinit_array_start = .)
 *(.preinit_array*)
                0x080005f4                        PROVIDE (__preinit_array_end = .)
                0x080005f4                        . = ALIGN (0x4)

.init_array     0x080005f4        0x4
                0x080005f4                        . = ALIGN (0x4)
                0x080005f4                        PROVIDE (__init_array_start = .)
 *(SORT_BY_NAME(.init_array.*))
 *(.init_array*)
 .init_array    0x080005f4        0x4 C:/ST/STM32CubeIDE_2.2.0/STM32CubeIDE/plugins/com.st.stm32cube.ide.mcu.externaltools.gnu-tools-for-stm32.14.3.rel1.win32_1.0.100.202602081740/tools/bin/../lib/gcc/arm-none-eabi/14.3.1/thumb/v6-m/nofp/crtbegin.o
                0x080005f8                        PROVIDE (__init_array_end = .)
                0x080005f8                        . = ALIGN (0x4)

.fini_array     0x080005f8        0x4
                0x080005f8                        . = ALIGN (0x4)
                [!provide]                        PROVIDE (__fini_array_start = .)
 *(SORT_BY_NAME(.fini_array.*))
 *(.fini_array*)
 .fini_array    0x080005f8        0x4 C:/ST/STM32CubeIDE_2.2.0/STM32CubeIDE/plugins/com.st.stm32cube.ide.mcu.externaltools.gnu-tools-for-stm32.14.3.rel1.win32_1.0.100.202602081740/tools/bin/../lib/gcc/arm-none-eabi/14.3.1/thumb/v6-m/nofp/crtbegin.o
                [!provide]                        PROVIDE (__fini_array_end = .)
                0x080005fc                        . = ALIGN (0x4)
                0x080005fc                        _sidata = LOADADDR (.data)

.rel.dyn        0x080005fc        0x0
 .rel.iplt      0x080005fc        0x0 C:/ST/STM32CubeIDE_2.2.0/STM32CubeIDE/plugins/com.st.stm32cube.ide.mcu.externaltools.gnu-tools-for-stm32.14.3.rel1.win32_1.0.100.202602081740/tools/bin/../lib/gcc/arm-none-eabi/14.3.1/thumb/v6-m/nofp/crtbegin.o

.data           0x20000000        0x4 load address 0x080005fc
                0x20000000                        . = ALIGN (0x4)
                0x20000000                        _sdata = .
 *(.data)
 *(.data*)
 .data.SystemCoreClock
                0x20000000        0x4 ./Src/system_stm32c0xx.o
                0x20000000                SystemCoreClock
 *(.RamFunc)
 *(.RamFunc*)
                0x20000004                        . = ALIGN (0x4)
                0x20000004                        _edata = .

.igot.plt       0x20000004        0x0 load address 0x08000600
 .igot.plt      0x20000004        0x0 C:/ST/STM32CubeIDE_2.2.0/STM32CubeIDE/plugins/com.st.stm32cube.ide.mcu.externaltools.gnu-tools-for-stm32.14.3.rel1.win32_1.0.100.202602081740/tools/bin/../lib/gcc/arm-none-eabi/14.3.1/thumb/v6-m/nofp/crtbegin.o
                0x20000004                        . = ALIGN (0x4)

.bss            0x20000004       0x1c load address 0x08000600
                0x20000004                        _sbss = .
                0x20000004                        __bss_start__ = _sbss
 *(.bss)
 .bss           0x20000004       0x1c C:/ST/STM32CubeIDE_2.2.0/STM32CubeIDE/plugins/com.st.stm32cube.ide.mcu.externaltools.gnu-tools-for-stm32.14.3.rel1.win32_1.0.100.202602081740/tools/bin/../lib/gcc/arm-none-eabi/14.3.1/thumb/v6-m/nofp/crtbegin.o
 *(.bss*)
 *(COMMON)
                0x20000020                        . = ALIGN (0x4)
                0x20000020                        _ebss = .
                0x20000020                        __bss_end__ = _ebss

._user_heap_stack
                0x20000020      0x600 load address 0x08000600
                0x20000020                        . = ALIGN (0x8)
                [!provide]                        PROVIDE (end = .)
                0x20000020                        PROVIDE (_end = .)
                0x20000220                        . = (. + _Min_Heap_Size)
 *fill*         0x20000020      0x200 
                0x20000620                        . = (. + _Min_Stack_Size)
 *fill*         0x20000220      0x400 
                0x20000620                        . = ALIGN (0x8)

/DISCARD/
 libc.a(*)
 libm.a(*)
 libgcc.a(*)

.ARM.attributes
                0x00000000       0x28
 *(.ARM.attributes)
 .ARM.attributes
                0x00000000       0x1e C:/ST/STM32CubeIDE_2.2.0/STM32CubeIDE/plugins/com.st.stm32cube.ide.mcu.externaltools.gnu-tools-for-stm32.14.3.rel1.win32_1.0.100.202602081740/tools/bin/../lib/gcc/arm-none-eabi/14.3.1/thumb/v6-m/nofp/crti.o
 .ARM.attributes
                0x0000001e       0x2c C:/ST/STM32CubeIDE_2.2.0/STM32CubeIDE/plugins/com.st.stm32cube.ide.mcu.externaltools.gnu-tools-for-stm32.14.3.rel1.win32_1.0.100.202602081740/tools/bin/../lib/gcc/arm-none-eabi/14.3.1/thumb/v6-m/nofp/crtbegin.o
 .ARM.attributes
                0x0000004a       0x2c ./Src/adc.o
 .ARM.attributes
                0x00000076       0x2c ./Src/clock.o
 .ARM.attributes
                0x000000a2       0x2c ./Src/gpio.o
 .ARM.attributes
                0x000000ce       0x2c ./Src/main.o
 .ARM.attributes
                0x000000fa       0x2c ./Src/system_stm32c0xx.o
 .ARM.attributes
                0x00000126       0x2c ./Src/timers.o
 .ARM.attributes
                0x00000152       0x2c ./Src/uart.o
 .ARM.attributes
                0x0000017e       0x22 ./Startup/startup_stm32c031c6tx.o
 .ARM.attributes
                0x000001a0       0x2c C:/ST/STM32CubeIDE_2.2.0/STM32CubeIDE/plugins/com.st.stm32cube.ide.mcu.externaltools.gnu-tools-for-stm32.14.3.rel1.win32_1.0.100.202602081740/tools/bin/../lib/gcc/arm-none-eabi/14.3.1/../../../../arm-none-eabi/lib/thumb/v6-m/nofp\libc_nano.a(libc_a-init.o)
 .ARM.attributes
                0x000001cc       0x1e C:/ST/STM32CubeIDE_2.2.0/STM32CubeIDE/plugins/com.st.stm32cube.ide.mcu.externaltools.gnu-tools-for-stm32.14.3.rel1.win32_1.0.100.202602081740/tools/bin/../lib/gcc/arm-none-eabi/14.3.1/thumb/v6-m/nofp/crtn.o
OUTPUT(Temp_station.elf elf32-littlearm)
LOAD linker stubs
LOAD C:/ST/STM32CubeIDE_2.2.0/STM32CubeIDE/plugins/com.st.stm32cube.ide.mcu.externaltools.gnu-tools-for-stm32.14.3.rel1.win32_1.0.100.202602081740/tools/bin/../lib/gcc/arm-none-eabi/14.3.1/../../../../arm-none-eabi/lib/thumb/v6-m/nofp\libc.a
LOAD C:/ST/STM32CubeIDE_2.2.0/STM32CubeIDE/plugins/com.st.stm32cube.ide.mcu.externaltools.gnu-tools-for-stm32.14.3.rel1.win32_1.0.100.202602081740/tools/bin/../lib/gcc/arm-none-eabi/14.3.1/../../../../arm-none-eabi/lib/thumb/v6-m/nofp\libm.a
LOAD C:/ST/STM32CubeIDE_2.2.0/STM32CubeIDE/plugins/com.st.stm32cube.ide.mcu.externaltools.gnu-tools-for-stm32.14.3.rel1.win32_1.0.100.202602081740/tools/bin/../lib/gcc/arm-none-eabi/14.3.1/thumb/v6-m/nofp\libgcc.a

.debug_info     0x00000000     0x145b
 .debug_info    0x00000000      0x30c ./Src/adc.o
 .debug_info    0x0000030c      0x481 ./Src/clock.o
 .debug_info    0x0000078d      0x145 ./Src/gpio.o
 .debug_info    0x000008d2       0xb8 ./Src/main.o
 .debug_info    0x0000098a      0x36c ./Src/system_stm32c0xx.o
 .debug_info    0x00000cf6      0x3a5 ./Src/timers.o
 .debug_info    0x0000109b      0x390 ./Src/uart.o
 .debug_info    0x0000142b       0x30 ./Startup/startup_stm32c031c6tx.o

.debug_abbrev   0x00000000      0x636
 .debug_abbrev  0x00000000      0x100 ./Src/adc.o
 .debug_abbrev  0x00000100       0xca ./Src/clock.o
 .debug_abbrev  0x000001ca       0xb1 ./Src/gpio.o
 .debug_abbrev  0x0000027b       0x59 ./Src/main.o
 .debug_abbrev  0x000002d4      0x119 ./Src/system_stm32c0xx.o
 .debug_abbrev  0x000003ed      0x118 ./Src/timers.o
 .debug_abbrev  0x00000505      0x10d ./Src/uart.o
 .debug_abbrev  0x00000612       0x24 ./Startup/startup_stm32c031c6tx.o

.debug_aranges  0x00000000      0x140
 .debug_aranges
                0x00000000       0x20 ./Src/adc.o
 .debug_aranges
                0x00000020       0x30 ./Src/clock.o
 .debug_aranges
                0x00000050       0x20 ./Src/gpio.o
 .debug_aranges
                0x00000070       0x20 ./Src/main.o
 .debug_aranges
                0x00000090       0x28 ./Src/system_stm32c0xx.o
 .debug_aranges
                0x000000b8       0x30 ./Src/timers.o
 .debug_aranges
                0x000000e8       0x30 ./Src/uart.o
 .debug_aranges
                0x00000118       0x28 ./Startup/startup_stm32c031c6tx.o

.debug_rnglists
                0x00000000       0xcd
 .debug_rnglists
                0x00000000       0x14 ./Src/adc.o
 .debug_rnglists
                0x00000014       0x20 ./Src/clock.o
 .debug_rnglists
                0x00000034       0x14 ./Src/gpio.o
 .debug_rnglists
                0x00000048       0x13 ./Src/main.o
 .debug_rnglists
                0x0000005b       0x1a ./Src/system_stm32c0xx.o
 .debug_rnglists
                0x00000075       0x1f ./Src/timers.o
 .debug_rnglists
                0x00000094       0x20 ./Src/uart.o
 .debug_rnglists
                0x000000b4       0x19 ./Startup/startup_stm32c031c6tx.o

.debug_macro    0x00000000     0xb108
 .debug_macro   0x00000000      0x109 ./Src/adc.o
 .debug_macro   0x00000109      0xaae ./Src/adc.o
 .debug_macro   0x00000bb7       0x2e ./Src/adc.o
 .debug_macro   0x00000be5       0x28 ./Src/adc.o
 .debug_macro   0x00000c0d       0x22 ./Src/adc.o
 .debug_macro   0x00000c2f       0x8e ./Src/adc.o
 .debug_macro   0x00000cbd       0x51 ./Src/adc.o
 .debug_macro   0x00000d0e      0x103 ./Src/adc.o
 .debug_macro   0x00000e11       0x6a ./Src/adc.o
 .debug_macro   0x00000e7b      0x1df ./Src/adc.o
 .debug_macro   0x0000105a       0x1c ./Src/adc.o
 .debug_macro   0x00001076       0x22 ./Src/adc.o
 .debug_macro   0x00001098       0xd1 ./Src/adc.o
 .debug_macro   0x00001169      0x4da ./Src/adc.o
 .debug_macro   0x00001643      0x11f ./Src/adc.o
 .debug_macro   0x00001762     0x93cf ./Src/adc.o
 .debug_macro   0x0000ab31       0x6d ./Src/adc.o
 .debug_macro   0x0000ab9e      0x117 ./Src/clock.o
 .debug_macro   0x0000acb5       0xc3 ./Src/gpio.o
 .debug_macro   0x0000ad78       0xef ./Src/main.o
 .debug_macro   0x0000ae67       0xe1 ./Src/system_stm32c0xx.o
 .debug_macro   0x0000af48       0xd3 ./Src/timers.o
 .debug_macro   0x0000b01b       0xed ./Src/uart.o

.debug_line     0x00000000     0x25f0
 .debug_line    0x00000000      0x558 ./Src/adc.o
 .debug_line    0x00000558      0x5b2 ./Src/clock.o
 .debug_line    0x00000b0a      0x53c ./Src/gpio.o
 .debug_line    0x00001046      0x518 ./Src/main.o
 .debug_line    0x0000155e      0x54a ./Src/system_stm32c0xx.o
 .debug_line    0x00001aa8      0x562 ./Src/timers.o
 .debug_line    0x0000200a      0x569 ./Src/uart.o
 .debug_line    0x00002573       0x7d ./Startup/startup_stm32c031c6tx.o

.debug_str      0x00000000    0x3c5f2
 .debug_str     0x00000000    0x3c5f2 ./Src/adc.o
                              0x3c223 (size before relaxing)
 .debug_str     0x0003c5f2    0x3c2d9 ./Src/clock.o
 .debug_str     0x0003c5f2    0x3c024 ./Src/gpio.o
 .debug_str     0x0003c5f2    0x3c054 ./Src/main.o
 .debug_str     0x0003c5f2    0x3c199 ./Src/system_stm32c0xx.o
 .debug_str     0x0003c5f2    0x3c159 ./Src/timers.o
 .debug_str     0x0003c5f2    0x3c1ac ./Src/uart.o
 .debug_str     0x0003c5f2       0x7c ./Startup/startup_stm32c031c6tx.o

.comment        0x00000000       0x43
 .comment       0x00000000       0x43 ./Src/adc.o
                                 0x44 (size before relaxing)
 .comment       0x00000043       0x44 ./Src/clock.o
 .comment       0x00000043       0x44 ./Src/gpio.o
 .comment       0x00000043       0x44 ./Src/main.o
 .comment       0x00000043       0x44 ./Src/system_stm32c0xx.o
 .comment       0x00000043       0x44 ./Src/timers.o
 .comment       0x00000043       0x44 ./Src/uart.o

.debug_frame    0x00000000      0x238
 .debug_frame   0x00000000       0x2c ./Src/adc.o
 .debug_frame   0x0000002c       0x64 ./Src/clock.o
 .debug_frame   0x00000090       0x2c ./Src/gpio.o
 .debug_frame   0x000000bc       0x2c ./Src/main.o
 .debug_frame   0x000000e8       0x4c ./Src/system_stm32c0xx.o
 .debug_frame   0x00000134       0x6c ./Src/timers.o
 .debug_frame   0x000001a0       0x6c ./Src/uart.o
 .debug_frame   0x0000020c       0x2c C:/ST/STM32CubeIDE_2.2.0/STM32CubeIDE/plugins/com.st.stm32cube.ide.mcu.externaltools.gnu-tools-for-stm32.14.3.rel1.win32_1.0.100.202602081740/tools/bin/../lib/gcc/arm-none-eabi/14.3.1/../../../../arm-none-eabi/lib/thumb/v6-m/nofp\libc_nano.a(libc_a-init.o)

.debug_line_str
                0x00000000       0x60
 .debug_line_str
                0x00000000       0x60 ./Startup/startup_stm32c031c6tx.o
